// Jest Snapshot v1, https://goo.gl/fbAQLP

exports[`renders without crashing 1`] = `
<ul>
  <li>
    1
     - 
    <a
      href="http://example.com/blah"
    >
      blah
    </a>
  </li>
  <li>
    2
     - 
    <a
      href="http://example.com/others"
    >
      others
    </a>
  </li>
</ul>
`;
